W0915 04:20:04.956000 79042 torch/distributed/run.py:792]
W0915 04:20:04.956000 79042 torch/distributed/run.py:792] *****************************************
W0915 04:20:04.956000 79042 torch/distributed/run.py:792] Setting OMP_NUM_THREADS environment variable for each process to be 1 in default, to avoid your system being overloaded, please further tune the variable for optimal performance in your application as needed.
W0915 04:20:04.956000 79042 torch/distributed/run.py:792] *****************************************
I20260915 04:20:05.216819 140417963737088 main.cc:655]
=== Parallel Communication Groups ===
world_size = 2, config: {DP=1, TP=1, PP=2}, order: {TP -> DP -> PP}
[DP] size=1, unenabled
[TP] size=1, unenabled
[PP] size=2, num_groups=1
  - PP 0 (dp=0, tp=0, pp=-): [0, 1]

I20260915 04:20:05.221758 140226461814784 main.cc:655]
=== Parallel Communication Groups ===
world_size = 2, config: {DP=1, TP=1, PP=2}, order: {TP -> DP -> PP}
[DP] size=1, unenabled
[TP] size=1, unenabled
[PP] size=2, num_groups=1
  - PP 0 (dp=0, tp=0, pp=-): [0, 1]

I20260915 04:20:06.109003 140417963737088 main.cc:289] total desired batch size: 128 => calculated gradient accumulation steps: 4
I20260915 04:20:06.109091 140226461814784 main.cc:289] total desired batch size: 128 => calculated gradient accumulation steps: 4
I20260915 04:20:10.388051 140417963737088 checkpoint_loader.cc:118] magic: 20240326 version: 3 block_size: 1024 vocab_size: 50257 n_layer: 12 n_head: 12 n_embd: 768 padded_vocab_size: 50304
I20260915 04:20:10.564613 140417963737088 main.cc:354] Optimizing 50 model parameters
I20260915 04:20:10.589994 140417963737088 main.cc:444] Rank 0: start training
I20260915 04:20:10.590011 140417963737088 checkpoint_manager.cc:26] No checkpoint specified for resume. Starting training from scratch.
I20260915 04:20:10.590015 140417963737088 main.cc:491] start training
I20260915 04:20:10.590502 140417963737088 pipeline_schedule.cc:45] === Schedule Table ===
n: 4, stages: 2, vpp: 1, total_chunks: 2
I20260915 04:20:10.590523 140417963737088 pipeline_schedule.cc:48]
I20260915 04:20:10.590526 140417963737088 pipeline_schedule.cc:49] Step |    Type   | Microbatch | Global Chunk | Local Chunk | Stage
I20260915 04:20:10.590529 140417963737088 pipeline_schedule.cc:50] -----|-----------|------------|--------------|-------------|-------
I20260915 04:20:10.590539 140417963737088 pipeline_schedule.cc:61]    0 | Forward   |          0 |            0 |           0 |     0
I20260915 04:20:10.590546 140417963737088 pipeline_schedule.cc:61]    1 | Forward   |          0 |            1 |           0 |     1
I20260915 04:20:10.590554 140417963737088 pipeline_schedule.cc:61]    1 | Forward   |          1 |            0 |           0 |     0
I20260915 04:20:10.590561 140417963737088 pipeline_schedule.cc:61]    2 | Forward   |          1 |            1 |           0 |     1
I20260915 04:20:10.590569 140417963737088 pipeline_schedule.cc:61]    2 | Forward   |          2 |            0 |           0 |     0
I20260915 04:20:10.590576 140417963737088 pipeline_schedule.cc:61]    3 | Forward   |          2 |            1 |           0 |     1
I20260915 04:20:10.590612 140417963737088 pipeline_schedule.cc:61]    3 | Forward   |          3 |            0 |           0 |     0
I20260915 04:20:10.590620 140417963737088 pipeline_schedule.cc:61]    4 | Forward   |          3 |            1 |           0 |     1
I20260915 04:20:10.590627 140417963737088 pipeline_schedule.cc:61]    5 | Backward  |          3 |            1 |           0 |     1
I20260915 04:20:10.590634 140417963737088 pipeline_schedule.cc:61]    6 | Backward  |          2 |            1 |           0 |     1
I20260915 04:20:10.590642 140417963737088 pipeline_schedule.cc:61]    6 | Backward  |          3 |            0 |           0 |     0
I20260915 04:20:10.590676 140417963737088 pipeline_schedule.cc:61]    7 | Backward  |          1 |            1 |           0 |     1
I20260915 04:20:10.590683 140417963737088 pipeline_schedule.cc:61]    7 | Backward  |          2 |            0 |           0 |     0
I20260915 04:20:10.590691 140417963737088 pipeline_schedule.cc:61]    8 | Backward  |          0 |            1 |           0 |     1
I20260915 04:20:10.590698 140417963737088 pipeline_schedule.cc:61]    8 | Backward  |          1 |            0 |           0 |     0
I20260915 04:20:10.590705 140417963737088 pipeline_schedule.cc:61]    9 | Backward  |          0 |            0 |           0 |     0
I20260915 04:20:10.676763 140417963737088 pipeline_schedule.cc:286] pipeline_stage_timing direction=forward stage=0 chunk=0 microbatch=0 elapsed_ms=86.041
I20260915 04:20:19.674261 140226461814784 checkpoint_loader.cc:118] magic: 20240326 version: 3 block_size: 1024 vocab_size: 50257 n_layer: 12 n_head: 12 n_embd: 768 padded_vocab_size: 50304
I20260915 04:20:19.874987 140226461814784 main.cc:354] Optimizing 99 model parameters
I20260915 04:20:19.900957 140226461814784 main.cc:444] Rank 1: start training
I20260915 04:20:19.900973 140226461814784 checkpoint_manager.cc:26] No checkpoint specified for resume. Starting training from scratch.
I20260915 04:20:19.900977 140226461814784 main.cc:491] start training
I20260915 04:20:19.941341 140417963737088 pipeline_schedule.cc:286] pipeline_stage_timing direction=forward stage=0 chunk=0 microbatch=1 elapsed_ms=8.524
I20260915 04:20:19.946011 140417963737088 pipeline_schedule.cc:286] pipeline_stage_timing direction=forward stage=0 chunk=0 microbatch=2 elapsed_ms=4.531
I20260915 04:20:19.951030 140417963737088 pipeline_schedule.cc:286] pipeline_stage_timing direction=forward stage=0 chunk=0 microbatch=3 elapsed_ms=4.955
I20260915 04:20:20.031767 140226461814784 pipeline_schedule.cc:286] pipeline_stage_timing direction=forward stage=1 chunk=0 microbatch=0 elapsed_ms=99.772
I20260915 04:20:20.040163 140226461814784 pipeline_schedule.cc:286] pipeline_stage_timing direction=forward stage=1 chunk=0 microbatch=1 elapsed_ms=8.261
I20260915 04:20:20.048345 140226461814784 pipeline_schedule.cc:286] pipeline_stage_timing direction=forward stage=1 chunk=0 microbatch=2 elapsed_ms=8.106
I20260915 04:20:20.056496 140226461814784 pipeline_schedule.cc:286] pipeline_stage_timing direction=forward stage=1 chunk=0 microbatch=3 elapsed_ms=8.086
I20260915 04:20:20.082686 140226461814784 pipeline_schedule.cc:318] pipeline_stage_timing direction=backward stage=1 chunk=0 microbatch=3 elapsed_ms=25.660
I20260915 04:20:20.093388 140417963737088 pipeline_schedule.cc:339] pipeline_stage_timing direction=backward stage=0 chunk=0 microbatch=3 elapsed_ms=142.288
I20260915 04:20:20.101707 140226461814784 pipeline_schedule.cc:318] pipeline_stage_timing direction=backward stage=1 chunk=0 microbatch=2 elapsed_ms=18.583
I20260915 04:20:20.103360 140417963737088 pipeline_schedule.cc:339] pipeline_stage_timing direction=backward stage=0 chunk=0 microbatch=2 elapsed_ms=9.924
I20260915 04:20:20.112645 140226461814784 pipeline_schedule.cc:318] pipeline_stage_timing direction=backward stage=1 chunk=0 microbatch=1 elapsed_ms=10.733
I20260915 04:20:20.114511 140417963737088 pipeline_schedule.cc:339] pipeline_stage_timing direction=backward stage=0 chunk=0 microbatch=1 elapsed_ms=11.114
I20260915 04:20:20.124020 140226461814784 pipeline_schedule.cc:318] pipeline_stage_timing direction=backward stage=1 chunk=0 microbatch=0 elapsed_ms=11.214
E20260915 04:20:20.124566 140226461814784 main.cc:603] step    1/1 | train loss 5.934462 | lr 1.00e-04 | (223.55 ms | 573 tok/s | peak used:  1008 MB | peak reserved:  1056 MB, DP=1, TP=1, SP=1, PP=2)
I20260915 04:20:20.125816 140417963737088 pipeline_schedule.cc:339] pipeline_stage_timing direction=backward stage=0 chunk=0 microbatch=0 elapsed_ms=11.268
