W0915 04:04:02.702000 71485 torch/distributed/run.py:792]
W0915 04:04:02.702000 71485 torch/distributed/run.py:792] *****************************************
W0915 04:04:02.702000 71485 torch/distributed/run.py:792] Setting OMP_NUM_THREADS environment variable for each process to be 1 in default, to avoid your system being overloaded, please further tune the variable for optimal performance in your application as needed.
W0915 04:04:02.702000 71485 torch/distributed/run.py:792] *****************************************
ERROR: unknown command line flag 'logtostderr'
ERROR: unknown command line flag 'logtostderr'
E0915 04:04:02.949000 71485 torch/distributed/elastic/multiprocessing/api.py:869] failed (exitcode: 1) local_rank: 0 (pid: 71555) of binary: build_cuda/gpt2
Traceback (most recent call last):
  File "/usr/local/bin/torchrun", line 33, in <module>
    sys.exit(load_entry_point('torch==2.6.0a0+ecf3bae40a.nv25.1', 'console_scripts', 'torchrun')())
             ^^^^^^^^^^^^^^^^^^^^^^^^^^^^^^^^^^^^^^^^^^^^^^^^^^^^^^^^^^^^^^^^^^^^^^^^^^^^^^^^^^^^^
  File "/usr/local/lib/python3.12/dist-packages/torch/distributed/elastic/multiprocessing/errors/__init__.py", line 355, in wrapper
    return f(*args, **kwargs)
           ^^^^^^^^^^^^^^^^^^
  File "/usr/local/lib/python3.12/dist-packages/torch/distributed/run.py", line 918, in main
    run(args)
  File "/usr/local/lib/python3.12/dist-packages/torch/distributed/run.py", line 909, in run
    elastic_launch(
  File "/usr/local/lib/python3.12/dist-packages/torch/distributed/launcher/api.py", line 138, in __call__
    return launch_agent(self._config, self._entrypoint, list(args))
           ^^^^^^^^^^^^^^^^^^^^^^^^^^^^^^^^^^^^^^^^^^^^^^^^^^^^^^^^
  File "/usr/local/lib/python3.12/dist-packages/torch/distributed/launcher/api.py", line 269, in launch_agent
    raise ChildFailedError(
torch.distributed.elastic.multiprocessing.errors.ChildFailedError:
============================================================
build_cuda/gpt2 FAILED
------------------------------------------------------------
Failures:
[1]:
  time      : 2026-09-15_04:04:02
  host      : vm-1789397998898.vm-network
  rank      : 1 (local_rank: 1)
  exitcode  : 1 (pid: 71556)
  error_file: <N/A>
  traceback : To enable traceback see: https://pytorch.org/docs/stable/elastic/errors.html
------------------------------------------------------------
Root Cause (first observed failure):
[0]:
  time      : 2026-09-15_04:04:02
  host      : vm-1789397998898.vm-network
  rank      : 0 (local_rank: 0)
  exitcode  : 1 (pid: 71555)
  error_file: <N/A>
  traceback : To enable traceback see: https://pytorch.org/docs/stable/elastic/errors.html
============================================================
