W0915 04:19:49.774000 78907 torch/distributed/run.py:792]
W0915 04:19:49.774000 78907 torch/distributed/run.py:792] *****************************************
W0915 04:19:49.774000 78907 torch/distributed/run.py:792] Setting OMP_NUM_THREADS environment variable for each process to be 1 in default, to avoid your system being overloaded, please further tune the variable for optimal performance in your application as needed.
W0915 04:19:49.774000 78907 torch/distributed/run.py:792] *****************************************
I20260915 04:19:49.954660 139647616770048 main.cc:655]
=== Parallel Communication Groups ===
world_size = 2, config: {DP=1, TP=1, PP=2}, order: {TP -> DP -> PP}
[DP] size=1, unenabled
[TP] size=1, unenabled
[PP] size=2, num_groups=1
  - PP 0 (dp=0, tp=0, pp=-): [0, 1]

I20260915 04:19:49.957012 140712415887360 main.cc:655]
=== Parallel Communication Groups ===
world_size = 2, config: {DP=1, TP=1, PP=2}, order: {TP -> DP -> PP}
[DP] size=1, unenabled
[TP] size=1, unenabled
[PP] size=2, num_groups=1
  - PP 0 (dp=0, tp=0, pp=-): [0, 1]

I20260915 04:19:50.899075 140712415887360 main.cc:289] total desired batch size: 128 => calculated gradient accumulation steps: 4
I20260915 04:19:50.899089 139647616770048 main.cc:289] total desired batch size: 128 => calculated gradient accumulation steps: 4
I20260915 04:19:57.239099 140712415887360 checkpoint_loader.cc:118] magic: 20240326 version: 3 block_size: 1024 vocab_size: 50257 n_layer: 12 n_head: 12 n_embd: 768 padded_vocab_size: 50304
I20260915 04:19:57.446521 140712415887360 main.cc:354] Optimizing 74 model parameters
I20260915 04:19:57.472180 140712415887360 main.cc:444] Rank 0: start training
I20260915 04:19:57.472197 140712415887360 checkpoint_manager.cc:26] No checkpoint specified for resume. Starting training from scratch.
I20260915 04:19:57.472200 140712415887360 main.cc:491] start training
I20260915 04:19:57.472691 140712415887360 pipeline_schedule.cc:45] === Schedule Table ===
n: 4, stages: 2, vpp: 1, total_chunks: 2
I20260915 04:19:57.472711 140712415887360 pipeline_schedule.cc:48]
I20260915 04:19:57.472713 140712415887360 pipeline_schedule.cc:49] Step |    Type   | Microbatch | Global Chunk | Local Chunk | Stage
I20260915 04:19:57.472716 140712415887360 pipeline_schedule.cc:50] -----|-----------|------------|--------------|-------------|-------
I20260915 04:19:57.472725 140712415887360 pipeline_schedule.cc:61]    0 | Forward   |          0 |            0 |           0 |     0
I20260915 04:19:57.472735 140712415887360 pipeline_schedule.cc:61]    1 | Forward   |          0 |            1 |           0 |     1
I20260915 04:19:57.472742 140712415887360 pipeline_schedule.cc:61]    1 | Forward   |          1 |            0 |           0 |     0
I20260915 04:19:57.472751 140712415887360 pipeline_schedule.cc:61]    2 | Forward   |          1 |            1 |           0 |     1
I20260915 04:19:57.472758 140712415887360 pipeline_schedule.cc:61]    2 | Forward   |          2 |            0 |           0 |     0
I20260915 04:19:57.472767 140712415887360 pipeline_schedule.cc:61]    3 | Forward   |          2 |            1 |           0 |     1
I20260915 04:19:57.472775 140712415887360 pipeline_schedule.cc:61]    3 | Forward   |          3 |            0 |           0 |     0
I20260915 04:19:57.472783 140712415887360 pipeline_schedule.cc:61]    4 | Forward   |          3 |            1 |           0 |     1
I20260915 04:19:57.472791 140712415887360 pipeline_schedule.cc:61]    5 | Backward  |          3 |            1 |           0 |     1
I20260915 04:19:57.472799 140712415887360 pipeline_schedule.cc:61]    6 | Backward  |          2 |            1 |           0 |     1
I20260915 04:19:57.472807 140712415887360 pipeline_schedule.cc:61]    6 | Backward  |          3 |            0 |           0 |     0
I20260915 04:19:57.472816 140712415887360 pipeline_schedule.cc:61]    7 | Backward  |          1 |            1 |           0 |     1
I20260915 04:19:57.472823 140712415887360 pipeline_schedule.cc:61]    7 | Backward  |          2 |            0 |           0 |     0
I20260915 04:19:57.472832 140712415887360 pipeline_schedule.cc:61]    8 | Backward  |          0 |            1 |           0 |     1
I20260915 04:19:57.472839 140712415887360 pipeline_schedule.cc:61]    8 | Backward  |          1 |            0 |           0 |     0
I20260915 04:19:57.472846 140712415887360 pipeline_schedule.cc:61]    9 | Backward  |          0 |            0 |           0 |     0
I20260915 04:19:57.554927 140712415887360 pipeline_schedule.cc:286] pipeline_stage_timing direction=forward stage=0 chunk=0 microbatch=0 elapsed_ms=82.064
I20260915 04:20:02.451899 139647616770048 checkpoint_loader.cc:118] magic: 20240326 version: 3 block_size: 1024 vocab_size: 50257 n_layer: 12 n_head: 12 n_embd: 768 padded_vocab_size: 50304
I20260915 04:20:02.620370 139647616770048 main.cc:354] Optimizing 75 model parameters
I20260915 04:20:02.646096 139647616770048 main.cc:444] Rank 1: start training
I20260915 04:20:02.646113 139647616770048 checkpoint_manager.cc:26] No checkpoint specified for resume. Starting training from scratch.
I20260915 04:20:02.646116 139647616770048 main.cc:491] start training
I20260915 04:20:02.685748 140712415887360 pipeline_schedule.cc:286] pipeline_stage_timing direction=forward stage=0 chunk=0 microbatch=1 elapsed_ms=10.594
I20260915 04:20:02.692422 140712415887360 pipeline_schedule.cc:286] pipeline_stage_timing direction=forward stage=0 chunk=0 microbatch=2 elapsed_ms=6.584
I20260915 04:20:02.698415 140712415887360 pipeline_schedule.cc:286] pipeline_stage_timing direction=forward stage=0 chunk=0 microbatch=3 elapsed_ms=5.926
I20260915 04:20:02.762119 139647616770048 pipeline_schedule.cc:286] pipeline_stage_timing direction=forward stage=1 chunk=0 microbatch=0 elapsed_ms=87.484
I20260915 04:20:02.768520 139647616770048 pipeline_schedule.cc:286] pipeline_stage_timing direction=forward stage=1 chunk=0 microbatch=1 elapsed_ms=6.262
I20260915 04:20:02.774901 139647616770048 pipeline_schedule.cc:286] pipeline_stage_timing direction=forward stage=1 chunk=0 microbatch=2 elapsed_ms=6.305
I20260915 04:20:02.781172 139647616770048 pipeline_schedule.cc:286] pipeline_stage_timing direction=forward stage=1 chunk=0 microbatch=3 elapsed_ms=6.202
I20260915 04:20:02.810494 139647616770048 pipeline_schedule.cc:318] pipeline_stage_timing direction=backward stage=1 chunk=0 microbatch=3 elapsed_ms=28.772
I20260915 04:20:02.826100 140712415887360 pipeline_schedule.cc:339] pipeline_stage_timing direction=backward stage=0 chunk=0 microbatch=3 elapsed_ms=127.616
I20260915 04:20:02.827186 139647616770048 pipeline_schedule.cc:318] pipeline_stage_timing direction=backward stage=1 chunk=0 microbatch=2 elapsed_ms=16.271
I20260915 04:20:02.837619 140712415887360 pipeline_schedule.cc:339] pipeline_stage_timing direction=backward stage=0 chunk=0 microbatch=2 elapsed_ms=11.473
I20260915 04:20:02.837720 139647616770048 pipeline_schedule.cc:318] pipeline_stage_timing direction=backward stage=1 chunk=0 microbatch=1 elapsed_ms=10.318
I20260915 04:20:02.846765 140712415887360 pipeline_schedule.cc:339] pipeline_stage_timing direction=backward stage=0 chunk=0 microbatch=1 elapsed_ms=9.108
I20260915 04:20:02.847777 139647616770048 pipeline_schedule.cc:318] pipeline_stage_timing direction=backward stage=1 chunk=0 microbatch=0 elapsed_ms=9.889
E20260915 04:20:02.848217 139647616770048 main.cc:603] step    1/1 | train loss 5.934462 | lr 1.00e-04 | (202.07 ms | 633 tok/s | peak used:   874 MB | peak reserved:   896 MB, DP=1, TP=1, SP=1, PP=2)
I20260915 04:20:02.856288 140712415887360 pipeline_schedule.cc:339] pipeline_stage_timing direction=backward stage=0 chunk=0 microbatch=0 elapsed_ms=9.487
